// Jest Snapshot v1, https://goo.gl/fbAQLP

exports[`renders correctly 1`] = `
<footer
  className="sc-AxjAm hyeJIS"
>
  <p>
    Made by a lazy person Â©Ty loh
  </p>
</footer>
`;
